[youtube] Extracting URL: https://youtu.be/O0Cw1SLdxxE
[youtube] O0Cw1SLdxxE: Downloading webpage
WARNING: [youtube] No supported JavaScript runtime could be found. Only deno is enabled by default; to use another runtime add  --js-runtimes RUNTIME[:PATH]  to your command/config. YouTube extraction without a JS runtime has been deprecated, and some formats may be missing. See  https://github.com/yt-dlp/yt-dlp/wiki/EJS  for details on installing one
[youtube] O0Cw1SLdxxE: Downloading android vr player API JSON
[info] O0Cw1SLdxxE: Downloading 1 format(s): 251
[download] Destination: C:\xampp\htdocs\projects\yt-mp3\downloads\0e09302b2dec19ad_(ext)s
[download]   0.0% of    5.02MiB at  313.85KiB/s ETA 00:16
[download]   0.1% of    5.02MiB at  746.23KiB/s ETA 00:06
[download]   0.1% of    5.02MiB at    1.70MiB/s ETA 00:02
[download]   0.3% of    5.02MiB at    2.92MiB/s ETA 00:01
[download]   0.6% of    5.02MiB at    2.33MiB/s ETA 00:02
[download]   1.2% of    5.02MiB at    2.80MiB/s ETA 00:01
[download]   2.5% of    5.02MiB at    3.65MiB/s ETA 00:01
[download]   5.0% of    5.02MiB at    5.53MiB/s ETA 00:00
[download]   9.9% of    5.02MiB at    8.44MiB/s ETA 00:00
[download]  19.9% of    5.02MiB at   12.18MiB/s ETA 00:00
[download]  39.8% of    5.02MiB at   18.84MiB/s ETA 00:00
[download]  79.7% of    5.02MiB at   29.84MiB/s ETA 00:00
[download] 100.0% of    5.02MiB at   33.02MiB/s ETA 00:00
[download] 100% of    5.02MiB in 00:00:00 at 13.84MiB/s
[ExtractAudio] Destination: C:\xampp\htdocs\projects\yt-mp3\downloads\0e09302b2dec19ad_(ext)s.mp3
Deleting original file C:\xampp\htdocs\projects\yt-mp3\downloads\0e09302b2dec19ad_(ext)s (pass -k to keep)
