[youtube] Extracting URL: https://youtu.be/URxCQrotfM8
[youtube] URxCQrotfM8: Downloading webpage
WARNING: [youtube] No supported JavaScript runtime could be found. Only deno is enabled by default; to use another runtime add  --js-runtimes RUNTIME[:PATH]  to your command/config. YouTube extraction without a JS runtime has been deprecated, and some formats may be missing. See  https://github.com/yt-dlp/yt-dlp/wiki/EJS  for details on installing one
[youtube] URxCQrotfM8: Downloading android vr player API JSON
[info] URxCQrotfM8: Downloading 1 format(s): 251
[download] Destination: C:\xampp\htdocs\yt-mp3\downloads\0ffbaeaa3388ac2c_(ext)s
[download]   0.0% of    2.24MiB at  240.25KiB/s ETA 00:09
[download]   0.1% of    2.24MiB at  605.44KiB/s ETA 00:03
[download]   0.3% of    2.24MiB at    1.15MiB/s ETA 00:01
[download]   0.7% of    2.24MiB at    2.46MiB/s ETA 00:00
[download]   1.4% of    2.24MiB at    2.34MiB/s ETA 00:00
[download]   2.7% of    2.24MiB at    2.65MiB/s ETA 00:00
[download]   5.5% of    2.24MiB at    3.52MiB/s ETA 00:00
[download]  11.1% of    2.24MiB at    5.27MiB/s ETA 00:00
[download]  22.3% of    2.24MiB at    7.88MiB/s ETA 00:00
[download]  44.6% of    2.24MiB at   11.88MiB/s ETA 00:00
[download]  89.3% of    2.24MiB at   18.66MiB/s ETA 00:00
[download] 100.0% of    2.24MiB at   19.97MiB/s ETA 00:00
[download] 100% of    2.24MiB in 00:00:00 at 13.14MiB/s
[ExtractAudio] Destination: C:\xampp\htdocs\yt-mp3\downloads\0ffbaeaa3388ac2c_(ext)s.mp3
Deleting original file C:\xampp\htdocs\yt-mp3\downloads\0ffbaeaa3388ac2c_(ext)s (pass -k to keep)
