[youtube] Extracting URL: https://youtu.be/IFRze3uxdwE
[youtube] IFRze3uxdwE: Downloading webpage
WARNING: [youtube] No supported JavaScript runtime could be found. Only deno is enabled by default; to use another runtime add  --js-runtimes RUNTIME[:PATH]  to your command/config. YouTube extraction without a JS runtime has been deprecated, and some formats may be missing. See  https://github.com/yt-dlp/yt-dlp/wiki/EJS  for details on installing one
[youtube] IFRze3uxdwE: Downloading android vr player API JSON
[info] IFRze3uxdwE: Downloading 1 format(s): 251
[download] Destination: C:\xampp\htdocs\yt-mp3\downloads\23edb67844f505de_(ext)s
[download]   0.0% of    2.93MiB at  333.46KiB/s ETA 00:08
[download]   0.1% of    2.93MiB at  751.98KiB/s ETA 00:03
[download]   0.2% of    2.93MiB at    1.37MiB/s ETA 00:02
[download]   0.5% of    2.93MiB at    2.45MiB/s ETA 00:01
[download]   1.0% of    2.93MiB at    2.76MiB/s ETA 00:01
[download]   2.1% of    2.93MiB at    2.80MiB/s ETA 00:01
[download]   4.2% of    2.93MiB at    4.00MiB/s ETA 00:00
[download]   8.5% of    2.93MiB at    5.78MiB/s ETA 00:00
[download]  17.0% of    2.93MiB at    8.94MiB/s ETA 00:00
[download]  34.1% of    2.93MiB at   13.18MiB/s ETA 00:00
[download]  68.2% of    2.93MiB at   20.45MiB/s ETA 00:00
[download] 100.0% of    2.93MiB at   17.28MiB/s ETA 00:00
[download] 100% of    2.93MiB in 00:00:00 at 13.35MiB/s
[ExtractAudio] Destination: C:\xampp\htdocs\yt-mp3\downloads\23edb67844f505de_(ext)s.mp3
Deleting original file C:\xampp\htdocs\yt-mp3\downloads\23edb67844f505de_(ext)s (pass -k to keep)
