[youtube] Extracting URL: https://youtu.be/EzOXENWtpUE
[youtube] EzOXENWtpUE: Downloading webpage
WARNING: [youtube] No supported JavaScript runtime could be found. Only deno is enabled by default; to use another runtime add  --js-runtimes RUNTIME[:PATH]  to your command/config. YouTube extraction without a JS runtime has been deprecated, and some formats may be missing. See  https://github.com/yt-dlp/yt-dlp/wiki/EJS  for details on installing one
[youtube] EzOXENWtpUE: Downloading android vr player API JSON
[info] EzOXENWtpUE: Downloading 1 format(s): 251
[download] Destination: C:\xampp\htdocs\yt-mp3\downloads\26be8c6037dd235e_(ext)s
[download]   0.0% of    7.39MiB at  334.18KiB/s ETA 00:22
[download]   0.0% of    7.39MiB at 1002.54KiB/s ETA 00:07
[download]   0.1% of    7.39MiB at    1.71MiB/s ETA 00:04
[download]   0.2% of    7.39MiB at    3.67MiB/s ETA 00:02
[download]   0.4% of    7.39MiB at    2.68MiB/s ETA 00:02
[download]   0.8% of    7.39MiB at    2.88MiB/s ETA 00:02
[download]   1.7% of    7.39MiB at    3.96MiB/s ETA 00:01
[download]   3.4% of    7.39MiB at    5.69MiB/s ETA 00:01
[download]   6.7% of    7.39MiB at    8.90MiB/s ETA 00:00
[download]  13.5% of    7.39MiB at   12.58MiB/s ETA 00:00
[download]  27.0% of    7.39MiB at   19.56MiB/s ETA 00:00
[download]  54.1% of    7.39MiB at   24.23MiB/s ETA 00:00
[download] 100.0% of    7.39MiB at   22.14MiB/s ETA 00:00
[download] 100% of    7.39MiB in 00:00:00 at 19.49MiB/s
[ExtractAudio] Destination: C:\xampp\htdocs\yt-mp3\downloads\26be8c6037dd235e_(ext)s.mp3
Deleting original file C:\xampp\htdocs\yt-mp3\downloads\26be8c6037dd235e_(ext)s (pass -k to keep)
