[youtube] Extracting URL: https://youtu.be/dFVxGRekRSg
[youtube] dFVxGRekRSg: Downloading webpage
WARNING: [youtube] No supported JavaScript runtime could be found. Only deno is enabled by default; to use another runtime add  --js-runtimes RUNTIME[:PATH]  to your command/config. YouTube extraction without a JS runtime has been deprecated, and some formats may be missing. See  https://github.com/yt-dlp/yt-dlp/wiki/EJS  for details on installing one
[youtube] dFVxGRekRSg: Downloading android vr player API JSON
[info] dFVxGRekRSg: Downloading 1 format(s): 251
[download] Destination: C:\xampp\htdocs\yt-mp3\downloads\7d17974f2764b84c_(ext)s
[download]   0.0% of    4.80MiB at  138.83KiB/s ETA 00:35
[download]   0.1% of    4.80MiB at  416.50KiB/s ETA 00:11
[download]   0.1% of    4.80MiB at  850.53KiB/s ETA 00:05
[download]   0.3% of    4.80MiB at    1.78MiB/s ETA 00:02
[download]   0.6% of    4.80MiB at    2.70MiB/s ETA 00:01
[download]   1.3% of    4.80MiB at    3.17MiB/s ETA 00:01
[download]   2.6% of    4.80MiB at    3.97MiB/s ETA 00:01
[download]   5.2% of    4.80MiB at    5.73MiB/s ETA 00:00
[download]  10.4% of    4.80MiB at    8.87MiB/s ETA 00:00
[download]  20.8% of    4.80MiB at   13.03MiB/s ETA 00:00
[download]  41.6% of    4.80MiB at   19.72MiB/s ETA 00:00
[download]  83.3% of    4.80MiB at   30.91MiB/s ETA 00:00
[download] 100.0% of    4.80MiB at   28.56MiB/s ETA 00:00
[download] 100% of    4.80MiB in 00:00:00 at 22.25MiB/s
[ExtractAudio] Destination: C:\xampp\htdocs\yt-mp3\downloads\7d17974f2764b84c_(ext)s.mp3
Deleting original file C:\xampp\htdocs\yt-mp3\downloads\7d17974f2764b84c_(ext)s (pass -k to keep)
