[youtube] Extracting URL: https://youtu.be/0AiexSrQFvs
[youtube] 0AiexSrQFvs: Downloading webpage
WARNING: [youtube] No supported JavaScript runtime could be found. Only deno is enabled by default; to use another runtime add  --js-runtimes RUNTIME[:PATH]  to your command/config. YouTube extraction without a JS runtime has been deprecated, and some formats may be missing. See  https://github.com/yt-dlp/yt-dlp/wiki/EJS  for details on installing one
[youtube] 0AiexSrQFvs: Downloading android vr player API JSON
[info] 0AiexSrQFvs: Downloading 1 format(s): 251
[download] Destination: C:\xampp\htdocs\yt-mp3\downloads\a92b384d2310d5f0_(ext)s
[download]   0.0% of    2.21MiB at  495.84KiB/s ETA 00:04
[download]   0.1% of    2.21MiB at 1003.50KiB/s ETA 00:02
[download]   0.3% of    2.21MiB at    1.71MiB/s ETA 00:01
[download]   0.7% of    2.21MiB at    3.67MiB/s ETA 00:00
[download]   1.4% of    2.21MiB at    2.76MiB/s ETA 00:00
[download]   2.8% of    2.21MiB at    2.94MiB/s ETA 00:00
[download]   5.6% of    2.21MiB at    3.45MiB/s ETA 00:00
[download]  11.2% of    2.21MiB at    5.29MiB/s ETA 00:00
[download]  22.5% of    2.21MiB at    8.07MiB/s ETA 00:00
[download]  45.1% of    2.21MiB at   11.64MiB/s ETA 00:00
[download]  90.3% of    2.21MiB at   17.26MiB/s ETA 00:00
[download] 100.0% of    2.21MiB at   17.47MiB/s ETA 00:00
[download] 100% of    2.21MiB in 00:00:00 at 9.25MiB/s
[ExtractAudio] Destination: C:\xampp\htdocs\yt-mp3\downloads\a92b384d2310d5f0_(ext)s.mp3
Deleting original file C:\xampp\htdocs\yt-mp3\downloads\a92b384d2310d5f0_(ext)s (pass -k to keep)
