[youtube] Extracting URL: https://youtu.be/PuwWj2_wL2E
[youtube] PuwWj2_wL2E: Downloading webpage
WARNING: [youtube] No supported JavaScript runtime could be found. Only deno is enabled by default; to use another runtime add  --js-runtimes RUNTIME[:PATH]  to your command/config. YouTube extraction without a JS runtime has been deprecated, and some formats may be missing. See  https://github.com/yt-dlp/yt-dlp/wiki/EJS  for details on installing one
[youtube] PuwWj2_wL2E: Downloading android vr player API JSON
[info] PuwWj2_wL2E: Downloading 1 format(s): 251
[download] Destination: C:\xampp\htdocs\yt-mp3\downloads\b5213a096b165e56_(ext)s
[download]   0.0% of    2.09MiB at  331.36KiB/s ETA 00:06
[download]   0.1% of    2.09MiB at  752.03KiB/s ETA 00:02
[download]   0.3% of    2.09MiB at    1.71MiB/s ETA 00:01
[download]   0.7% of    2.09MiB at    2.94MiB/s ETA 00:00
[download]   1.4% of    2.09MiB at    2.76MiB/s ETA 00:00
[download]   2.9% of    2.09MiB at    3.08MiB/s ETA 00:00
[download]   5.9% of    2.09MiB at    4.01MiB/s ETA 00:00
[download]  11.9% of    2.09MiB at    5.94MiB/s ETA 00:00
[download]  23.8% of    2.09MiB at    8.78MiB/s ETA 00:00
[download]  47.7% of    2.09MiB at   12.80MiB/s ETA 00:00
[download]  95.5% of    2.09MiB at   19.79MiB/s ETA 00:00
[download] 100.0% of    2.09MiB at   20.51MiB/s ETA 00:00
[download] 100% of    2.09MiB in 00:00:00 at 10.88MiB/s
[ExtractAudio] Destination: C:\xampp\htdocs\yt-mp3\downloads\b5213a096b165e56_(ext)s.mp3
Deleting original file C:\xampp\htdocs\yt-mp3\downloads\b5213a096b165e56_(ext)s (pass -k to keep)
