[youtube] Extracting URL: https://youtu.be/OyNZmKm-d_M
[youtube] OyNZmKm-d_M: Downloading webpage
WARNING: [youtube] No supported JavaScript runtime could be found. Only deno is enabled by default; to use another runtime add  --js-runtimes RUNTIME[:PATH]  to your command/config. YouTube extraction without a JS runtime has been deprecated, and some formats may be missing. See  https://github.com/yt-dlp/yt-dlp/wiki/EJS  for details on installing one
[youtube] OyNZmKm-d_M: Downloading android vr player API JSON
[info] OyNZmKm-d_M: Downloading 1 format(s): 251
[download] Destination: C:\xampp\htdocs\yt-mp3\downloads\d5cb5056cdeaf744_(ext)s
[download]   0.0% of    4.69MiB at  314.16KiB/s ETA 00:15
[download]   0.1% of    4.69MiB at  942.47KiB/s ETA 00:05
[download]   0.1% of    4.69MiB at    1.64MiB/s ETA 00:02
[download]   0.3% of    4.69MiB at    3.51MiB/s ETA 00:01
[download]   0.6% of    4.69MiB at    2.30MiB/s ETA 00:02
[download]   1.3% of    4.69MiB at    3.02MiB/s ETA 00:01
[download]   2.6% of    4.69MiB at    3.84MiB/s ETA 00:01
[download]   5.3% of    4.69MiB at    5.57MiB/s ETA 00:00
[download]  10.6% of    4.69MiB at    8.82MiB/s ETA 00:00
[download]  21.3% of    4.69MiB at   12.80MiB/s ETA 00:00
[download]  42.6% of    4.69MiB at   19.51MiB/s ETA 00:00
[download]  85.3% of    4.69MiB at   17.09MiB/s ETA 00:00
[download] 100.0% of    4.69MiB at   19.22MiB/s ETA 00:00
[download] 100% of    4.69MiB in 00:00:00 at 15.99MiB/s
[ExtractAudio] Destination: C:\xampp\htdocs\yt-mp3\downloads\d5cb5056cdeaf744_(ext)s.mp3
Deleting original file C:\xampp\htdocs\yt-mp3\downloads\d5cb5056cdeaf744_(ext)s (pass -k to keep)
