[youtube] Extracting URL: https://youtu.be/0_M2JX-Olv8
[youtube] 0_M2JX-Olv8: Downloading webpage
WARNING: [youtube] No supported JavaScript runtime could be found. Only deno is enabled by default; to use another runtime add  --js-runtimes RUNTIME[:PATH]  to your command/config. YouTube extraction without a JS runtime has been deprecated, and some formats may be missing. See  https://github.com/yt-dlp/yt-dlp/wiki/EJS  for details on installing one
[youtube] 0_M2JX-Olv8: Downloading android vr player API JSON
[info] 0_M2JX-Olv8: Downloading 1 format(s): 251
[download] Destination: C:\xampp\htdocs\yt-mp3\downloads\ed6661aa46dcc2fc_(ext)s
[download]   0.0% of    2.46MiB at  250.17KiB/s ETA 00:10
[download]   0.1% of    2.46MiB at  750.50KiB/s ETA 00:03
[download]   0.3% of    2.46MiB at    1.37MiB/s ETA 00:01
[download]   0.6% of    2.46MiB at    2.93MiB/s ETA 00:00
[download]   1.2% of    2.46MiB at    2.53MiB/s ETA 00:00
[download]   2.5% of    2.46MiB at    3.08MiB/s ETA 00:00
[download]   5.0% of    2.46MiB at    3.86MiB/s ETA 00:00
[download]  10.1% of    2.46MiB at    5.61MiB/s ETA 00:00
[download]  20.3% of    2.46MiB at    9.18MiB/s ETA 00:00
[download]  40.6% of    2.46MiB at   13.81MiB/s ETA 00:00
[download]  81.1% of    2.46MiB at   15.14MiB/s ETA 00:00
[download] 100.0% of    2.46MiB at   17.85MiB/s ETA 00:00
[download] 100% of    2.46MiB in 00:00:00 at 5.45MiB/s
[ExtractAudio] Destination: C:\xampp\htdocs\yt-mp3\downloads\ed6661aa46dcc2fc_(ext)s.mp3
Deleting original file C:\xampp\htdocs\yt-mp3\downloads\ed6661aa46dcc2fc_(ext)s (pass -k to keep)
