[youtube] Extracting URL: https://youtu.be/Qty6reoLDKY
[youtube] Qty6reoLDKY: Downloading webpage
WARNING: [youtube] No supported JavaScript runtime could be found. Only deno is enabled by default; to use another runtime add  --js-runtimes RUNTIME[:PATH]  to your command/config. YouTube extraction without a JS runtime has been deprecated, and some formats may be missing. See  https://github.com/yt-dlp/yt-dlp/wiki/EJS  for details on installing one
[youtube] Qty6reoLDKY: Downloading android vr player API JSON
[info] Qty6reoLDKY: Downloading 1 format(s): 251
[download] Destination: C:\xampp\htdocs\yt-mp3\downloads\fc3f1613e315614a_(ext)s
[download]   0.0% of    2.30MiB at  334.05KiB/s ETA 00:07
[download]   0.1% of    2.30MiB at  752.16KiB/s ETA 00:03
[download]   0.3% of    2.30MiB at    1.37MiB/s ETA 00:01
[download]   0.6% of    2.30MiB at    2.94MiB/s ETA 00:00
[download]   1.3% of    2.30MiB at    2.33MiB/s ETA 00:00
[download]   2.7% of    2.30MiB at    2.68MiB/s ETA 00:00
[download]   5.4% of    2.30MiB at    3.77MiB/s ETA 00:00
[download]  10.8% of    2.30MiB at    5.10MiB/s ETA 00:00
[download]  21.7% of    2.30MiB at    7.82MiB/s ETA 00:00
[download]  43.4% of    2.30MiB at   11.51MiB/s ETA 00:00
[download]  86.8% of    2.30MiB at    3.44MiB/s ETA 00:00
[download] 100.0% of    2.30MiB at    3.73MiB/s ETA 00:00
[download] 100% of    2.30MiB in 00:00:00 at 3.42MiB/s
[ExtractAudio] Destination: C:\xampp\htdocs\yt-mp3\downloads\fc3f1613e315614a_(ext)s.mp3
Deleting original file C:\xampp\htdocs\yt-mp3\downloads\fc3f1613e315614a_(ext)s (pass -k to keep)
